Starting large worker on zuber at Wed Apr 29 12:09:05 PM EDT 2026; workdir=/local/scratch/cfikes/CS_534_ML_project; user=cfikes; task=0
large
Running synthetic large experiments...
[TASK START] 2026-04-29T12:09:08.699345 manifold=sphere d=5 sigma=0.0 n=60000 seed=0
[TASK START] 2026-04-29T12:09:08.699821 manifold=sphere d=5 sigma=0.25 n=60000 seed=0
[TASK START] 2026-04-29T12:09:08.700714 manifold=sphere d=5 sigma=0.5 n=60000 seed=0
[TASK START] 2026-04-29T12:09:08.700803 manifold=sphere d=5 sigma=0.75 n=60000 seed=0
[TASK START] 2026-04-29T12:09:08.700955 manifold=sphere d=5 sigma=1.0 n=60000 seed=0
[TASK START] 2026-04-29T12:09:08.716566 manifold=sphere d=7 sigma=0.0 n=60000 seed=0
[EST DONE] 2026-04-29T12:09:14.315533 estimator=Levina-Bickel k=3 dur=2.685s seed=0
[EST DONE] 2026-04-29T12:09:15.864145 estimator=Levina-Bickel k=3 dur=3.415s seed=0
[EST DONE] 2026-04-29T12:09:16.494892 estimator=Levina-Bickel k=3 dur=3.722s seed=0
[EST DONE] 2026-04-29T12:09:16.784791 estimator=Levina-Bickel k=3 dur=3.956s seed=0
[EST DONE] 2026-04-29T12:09:17.215680 estimator=Levina-Bickel k=3 dur=4.121s seed=0
[EST DONE] 2026-04-29T12:09:17.600686 estimator=Levina-Bickel k=5 dur=3.285s seed=0
[EST DONE] 2026-04-29T12:09:19.982641 estimator=Levina-Bickel k=5 dur=4.118s seed=0
[EST DONE] 2026-04-29T12:09:21.053210 estimator=Levina-Bickel k=5 dur=4.558s seed=0
[EST DONE] 2026-04-29T12:09:21.480965 estimator=Levina-Bickel k=7 dur=3.880s seed=0
[EST DONE] 2026-04-29T12:09:21.658309 estimator=Levina-Bickel k=5 dur=4.873s seed=0
[EST DONE] 2026-04-29T12:09:22.188755 estimator=Levina-Bickel k=5 dur=4.973s seed=0
[EST DONE] 2026-04-29T12:09:24.479718 estimator=Levina-Bickel k=7 dur=4.497s seed=0
[EST DONE] 2026-04-29T12:09:25.882423 estimator=Levina-Bickel k=7 dur=4.829s seed=0
[EST DONE] 2026-04-29T12:09:26.851174 estimator=Levina-Bickel k=7 dur=5.193s seed=0
[EST DONE] 2026-04-29T12:09:27.360665 estimator=Levina-Bickel k=7 dur=5.172s seed=0
[EST DONE] 2026-04-29T12:09:27.652030 estimator=Levina-Bickel k=3 dur=9.035s seed=0
[EST DONE] 2026-04-29T12:09:28.513734 estimator=Levina-Bickel k=10 dur=7.033s seed=0
[EST DONE] 2026-04-29T12:09:36.269691 estimator=Levina-Bickel k=5 dur=8.617s seed=0
[EST DONE] 2026-04-29T12:09:39.712487 estimator=Levina-Bickel k=10 dur=15.233s seed=0
[EST DONE] 2026-04-29T12:09:44.756250 estimator=Levina-Bickel k=7 dur=8.486s seed=0
[EST DONE] 2026-04-29T12:09:47.838948 estimator=Levina-Bickel k=10 dur=21.956s seed=0
[EST DONE] 2026-04-29T12:09:50.333940 estimator=Levina-Bickel k=10 dur=23.483s seed=0
[EST DONE] 2026-04-29T12:09:56.363880 estimator=Levina-Bickel k=10 dur=29.003s seed=0
[EST DONE] 2026-04-29T12:09:56.384968 estimator=Levina-Bickel k=15 dur=27.871s seed=0
[EST DONE] 2026-04-29T12:09:57.941851 estimator=TwoNN (no-k) dur=1.557s seed=0
[EST DONE] 2026-04-29T12:10:06.422067 estimator=Levina-Bickel k=15 dur=26.709s seed=0
[EST DONE] 2026-04-29T12:10:08.392908 estimator=TwoNN (no-k) dur=1.971s seed=0
[EST DONE] 2026-04-29T12:10:18.084804 estimator=Levina-Bickel k=10 dur=33.328s seed=0
[EST DONE] 2026-04-29T12:10:32.961403 estimator=Levina-Bickel k=15 dur=36.597s seed=0
[EST DONE] 2026-04-29T12:10:35.665822 estimator=TwoNN (no-k) dur=2.704s seed=0
[EST DONE] 2026-04-29T12:10:37.086764 estimator=Levina-Bickel k=15 dur=49.248s seed=0
[EST DONE] 2026-04-29T12:10:38.311899 estimator=Levina-Bickel k=15 dur=47.978s seed=0
[EST DONE] 2026-04-29T12:10:39.758860 estimator=TwoNN (no-k) dur=2.672s seed=0
[EST DONE] 2026-04-29T12:10:41.518760 estimator=TwoNN (no-k) dur=3.207s seed=0
[EST DONE] 2026-04-29T12:10:53.271783 estimator=Levina-Bickel k=15 dur=35.187s seed=0
[EST DONE] 2026-04-29T12:10:59.507229 estimator=TwoNN (no-k) dur=6.235s seed=0
[EST DONE] 2026-04-29T12:11:16.732211 estimator=lPCA k=3 dur=41.656s seed=0
[EST DONE] 2026-04-29T12:11:35.616935 estimator=lPCA k=3 dur=45.623s seed=0
[EST DONE] 2026-04-29T12:11:59.463938 estimator=lPCA k=5 dur=42.732s seed=0
[EST DONE] 2026-04-29T12:12:03.938514 estimator=lPCA k=3 dur=43.879s seed=0
[EST DONE] 2026-04-29T12:12:05.628037 estimator=lPCA k=3 dur=43.615s seed=0
[EST DONE] 2026-04-29T12:12:14.905732 estimator=lPCA k=3 dur=46.539s seed=0
[EST DONE] 2026-04-29T12:12:22.428075 estimator=lPCA k=5 dur=46.811s seed=0
[EST DONE] 2026-04-29T12:12:43.507166 estimator=lPCA k=7 dur=44.043s seed=0
[EST DONE] 2026-04-29T12:12:44.488706 estimator=lPCA k=3 dur=52.661s seed=0
[EST DONE] 2026-04-29T12:12:49.836961 estimator=lPCA k=5 dur=45.898s seed=0
[EST DONE] 2026-04-29T12:12:51.148589 estimator=lPCA k=5 dur=45.520s seed=0
[EST DONE] 2026-04-29T12:13:03.516996 estimator=lPCA k=5 dur=48.611s seed=0
[EST DONE] 2026-04-29T12:13:10.776328 estimator=lPCA k=7 dur=48.348s seed=0
[EST DONE] 2026-04-29T12:13:36.878000 estimator=lPCA k=7 dur=47.041s seed=0
[EST DONE] 2026-04-29T12:13:38.169270 estimator=lPCA k=7 dur=47.021s seed=0
[EST DONE] 2026-04-29T12:13:40.830072 estimator=lPCA k=5 dur=56.341s seed=0
[EST DONE] 2026-04-29T12:13:47.817288 estimator=lPCA k=10 dur=64.310s seed=0
[EST DONE] 2026-04-29T12:13:52.711029 estimator=lPCA k=7 dur=49.194s seed=0
[EST DONE] 2026-04-29T12:14:16.273610 estimator=lPCA k=10 dur=65.497s seed=0
[EST DONE] 2026-04-29T12:14:34.402736 estimator=lPCA k=7 dur=53.573s seed=0
[EST DONE] 2026-04-29T12:15:06.829716 estimator=lPCA k=10 dur=88.660s seed=0
[EST DONE] 2026-04-29T12:15:11.967998 estimator=lPCA k=10 dur=95.090s seed=0
[EST DONE] 2026-04-29T12:15:23.745373 estimator=lPCA k=10 dur=91.034s seed=0
[EST DONE] 2026-04-29T12:15:26.586240 estimator=lPCA k=15 dur=98.769s seed=0
[EST DONE] 2026-04-29T12:16:01.357941 estimator=lPCA k=10 dur=86.955s seed=0
[EST DONE] 2026-04-29T12:16:06.847762 estimator=lPCA k=15 dur=110.574s seed=0
[EST DONE] 2026-04-29T12:16:46.903369 estimator=lPCA k=15 dur=100.073s seed=0
[EST DONE] 2026-04-29T12:16:53.515357 estimator=lPCA k=15 dur=101.547s seed=0
[EST DONE] 2026-04-29T12:17:11.397932 estimator=lPCA k=15 dur=107.652s seed=0
[EST DONE] 2026-04-29T12:18:19.838738 estimator=lPCA k=15 dur=138.481s seed=0
[EST DONE] 2026-04-29T16:35:31.296149 estimator=DANCo k=3 dur=7534.948s seed=0
[EST DONE] 2026-04-29T16:41:17.771261 estimator=DANCo k=3 dur=7841.693s seed=0
[EST DONE] 2026-04-29T16:43:09.420196 estimator=DANCo k=3 dur=7169.836s seed=0
[EST DONE] 2026-04-29T16:43:33.578172 estimator=DANCo k=3 dur=7678.905s seed=0
[EST DONE] 2026-04-29T16:44:30.826059 estimator=DANCo k=3 dur=7865.761s seed=0
[EST DONE] 2026-04-29T16:44:38.044746 estimator=DANCo k=3 dur=7970.499s seed=0
[EST DONE] 2026-04-29T17:31:48.377606 estimator=DANCo k=5 dur=3377.081s seed=0
[EST DONE] 2026-04-29T18:06:10.402565 estimator=DANCo k=5 dur=4956.824s seed=0
[EST DONE] 2026-04-29T18:07:03.781998 estimator=DANCo k=5 dur=5146.011s seed=0
[EST DONE] 2026-04-29T18:07:07.532864 estimator=DANCo k=5 dur=4949.488s seed=0
[EST DONE] 2026-04-29T18:07:39.780970 estimator=DANCo k=5 dur=5070.361s seed=0
[EST DONE] 2026-04-29T18:08:05.318647 estimator=DANCo k=5 dur=5014.492s seed=0
[EST DONE] 2026-04-29T18:49:47.357906 estimator=DANCo k=7 dur=4678.980s seed=0
[EST DONE] 2026-04-29T19:30:51.573323 estimator=DANCo k=7 dur=5024.040s seed=0
[EST DONE] 2026-04-29T19:30:55.939366 estimator=DANCo k=7 dur=5085.537s seed=0
[EST DONE] 2026-04-29T19:32:17.321545 estimator=DANCo k=7 dur=5052.003s seed=0
[EST DONE] 2026-04-29T19:32:46.906457 estimator=DANCo k=7 dur=5143.124s seed=0
[EST DONE] 2026-04-29T19:39:44.729456 estimator=DANCo k=7 dur=5524.948s seed=0
[EST DONE] 2026-04-29T19:59:41.902224 estimator=DANCo k=10 dur=4194.544s seed=0
[EST DONE] 2026-04-29T20:29:14.575870 estimator=DANCo k=10 dur=3498.636s seed=0
[EST DONE] 2026-04-29T20:30:15.032372 estimator=DANCo k=10 dur=3563.459s seed=0
[EST DONE] 2026-04-29T20:31:50.367017 estimator=DANCo k=10 dur=3125.637s seed=0
[EST DONE] 2026-04-29T20:32:15.416569 estimator=DANCo k=10 dur=3598.095s seed=0
[EST DONE] 2026-04-29T20:32:15.878940 estimator=DANCo k=10 dur=3568.972s seed=0
[EST DONE] 2026-04-29T20:35:27.294545 estimator=DANCo k=15 dur=2145.392s seed=0
[EST DONE] 2026-04-29T21:21:23.705082 estimator=DANCo k=15 dur=3068.673s seed=0
[EST DONE] 2026-04-29T21:22:15.535929 estimator=DANCo k=15 dur=3180.960s seed=0
[EST DONE] 2026-04-29T21:25:59.039931 estimator=DANCo k=15 dur=3223.161s seed=0
[EST DONE] 2026-04-29T21:26:01.892737 estimator=DANCo k=15 dur=3226.476s seed=0
[EST DONE] 2026-04-29T21:26:37.399412 estimator=DANCo k=15 dur=3287.032s seed=0
[EST DONE] 2026-04-30T02:02:42.594579 estimator=MiND k=3 dur=13430.754s seed=0
[EST DONE] 2026-04-30T04:42:57.991125 estimator=MiND k=3 dur=13371.838s seed=0
[EST DONE] 2026-04-30T04:46:07.751488 estimator=MiND k=3 dur=13372.903s seed=0
[EST DONE] 2026-04-30T04:48:22.660342 estimator=MiND k=3 dur=13307.315s seed=0
[EST DONE] 2026-04-30T04:49:40.494095 estimator=MiND k=3 dur=13360.921s seed=0
[EST DONE] 2026-04-30T04:53:55.625642 estimator=MiND k=3 dur=13482.216s seed=0
[EST DONE] 2026-04-30T05:46:25.664072 estimator=MiND k=5 dur=13423.069s seed=0
[EST DONE] 2026-04-30T08:27:50.914774 estimator=MiND k=5 dur=13492.924s seed=0
[EST DONE] 2026-04-30T08:29:31.266164 estimator=MiND k=5 dur=13403.515s seed=0
[EST DONE] 2026-04-30T08:33:07.573987 estimator=MiND k=5 dur=13484.913s seed=0
[EST DONE] 2026-04-30T08:34:19.156890 estimator=MiND k=5 dur=13478.663s seed=0
[EST DONE] 2026-04-30T08:39:10.576567 estimator=MiND k=5 dur=13514.951s seed=0
[EST DONE] 2026-04-30T09:33:01.545188 estimator=MiND k=7 dur=13595.881s seed=0
[EST DONE] 2026-04-30T12:11:12.828754 estimator=MiND k=7 dur=13401.914s seed=0
[EST DONE] 2026-04-30T12:13:49.875970 estimator=MiND k=7 dur=13458.610s seed=0
[EST DONE] 2026-04-30T12:18:53.234192 estimator=MiND k=7 dur=13545.660s seed=0
[EST DONE] 2026-04-30T12:19:25.592931 estimator=MiND k=7 dur=13506.436s seed=0
[EST DONE] 2026-04-30T12:24:10.925562 estimator=MiND k=7 dur=13500.349s seed=0
[EST DONE] 2026-04-30T13:18:43.662349 estimator=MiND k=10 dur=13542.117s seed=0
[EST DONE] 2026-04-30T15:57:09.110424 estimator=MiND k=10 dur=13399.222s seed=0
[EST DONE] 2026-04-30T15:57:15.215913 estimator=MiND k=10 dur=13562.387s seed=0
[EST DONE] 2026-04-30T16:05:01.103617 estimator=MiND k=10 dur=13567.869s seed=0
[EST DONE] 2026-04-30T16:06:15.833055 estimator=MiND k=10 dur=13610.240s seed=0
[EST DONE] 2026-04-30T16:08:59.516458 estimator=MiND k=10 dur=13488.591s seed=0
[EST DONE] 2026-04-30T17:03:16.943356 estimator=MiND k=15 dur=13473.281s seed=0
[EST DONE] 2026-04-30T17:15:53.195088 estimator=FisherS (no-k) dur=756.251s seed=0
[TASK END] 2026-04-30T17:15:53.195253 manifold=sphere d=5 sigma=0.75 seed=0 duration=104804.494s
[TASK START] 2026-04-30T17:15:53.197045 manifold=sphere d=7 sigma=0.25 n=60000 seed=0
[EST DONE] 2026-04-30T17:16:19.358498 estimator=Levina-Bickel k=3 dur=14.030s seed=0
[EST DONE] 2026-04-30T17:16:37.695366 estimator=Levina-Bickel k=5 dur=18.337s seed=0
[EST DONE] 2026-04-30T17:17:08.707667 estimator=Levina-Bickel k=7 dur=31.012s seed=0
[EST DONE] 2026-04-30T17:17:29.049170 estimator=Levina-Bickel k=10 dur=20.341s seed=0
[EST DONE] 2026-04-30T17:17:52.619286 estimator=Levina-Bickel k=15 dur=23.570s seed=0
[EST DONE] 2026-04-30T17:18:06.574911 estimator=TwoNN (no-k) dur=13.955s seed=0
[EST DONE] 2026-04-30T17:21:41.149289 estimator=lPCA k=3 dur=99.401s seed=0
[EST DONE] 2026-04-30T17:23:39.370303 estimator=lPCA k=5 dur=118.221s seed=0
[EST DONE] 2026-04-30T17:25:16.397284 estimator=lPCA k=7 dur=97.027s seed=0
[EST DONE] 2026-04-30T17:26:59.688684 estimator=lPCA k=10 dur=103.291s seed=0
[EST DONE] 2026-04-30T17:28:57.760060 estimator=lPCA k=15 dur=118.071s seed=0
[EST DONE] 2026-04-30T18:15:51.588422 estimator=DANCo k=3 dur=1385.591s seed=0
[EST DONE] 2026-04-30T18:40:53.192890 estimator=DANCo k=5 dur=1501.604s seed=0
[EST DONE] 2026-04-30T19:06:54.761977 estimator=DANCo k=7 dur=1561.569s seed=0
[EST DONE] 2026-04-30T19:33:36.733150 estimator=DANCo k=10 dur=1601.971s seed=0
[EST DONE] 2026-04-30T19:37:56.546669 estimator=MiND k=15 dur=13241.331s seed=0
[EST DONE] 2026-04-30T19:40:26.608937 estimator=MiND k=15 dur=13397.498s seed=0
[EST DONE] 2026-04-30T19:44:05.742203 estimator=MiND k=15 dur=13144.638s seed=0
[EST DONE] 2026-04-30T19:47:53.656284 estimator=MiND k=15 dur=13297.823s seed=0
[EST DONE] 2026-04-30T19:49:14.183636 estimator=MiND k=15 dur=13214.667s seed=0
[EST DONE] 2026-04-30T19:51:14.122959 estimator=FisherS (no-k) dur=797.576s seed=0
[TASK END] 2026-04-30T19:51:14.123361 manifold=sphere d=5 sigma=1.0 seed=0 duration=114125.422s
[TASK START] 2026-04-30T19:51:14.124802 manifold=sphere d=7 sigma=0.5 n=60000 seed=0
[EST DONE] 2026-04-30T19:51:42.287583 estimator=Levina-Bickel k=3 dur=14.253s seed=0
[EST DONE] 2026-04-30T19:51:58.702171 estimator=Levina-Bickel k=5 dur=16.414s seed=0
[EST DONE] 2026-04-30T19:52:16.749147 estimator=Levina-Bickel k=7 dur=18.047s seed=0
[EST DONE] 2026-04-30T19:52:36.427458 estimator=FisherS (no-k) dur=729.818s seed=0
[TASK END] 2026-04-30T19:52:36.427721 manifold=sphere d=5 sigma=0.0 seed=0 duration=114207.728s
[TASK START] 2026-04-30T19:52:36.428977 manifold=sphere d=7 sigma=0.75 n=60000 seed=0
[EST DONE] 2026-04-30T19:52:37.072204 estimator=Levina-Bickel k=10 dur=20.323s seed=0
[EST DONE] 2026-04-30T19:52:52.750465 estimator=Levina-Bickel k=15 dur=15.678s seed=0
[EST DONE] 2026-04-30T19:52:55.555961 estimator=Levina-Bickel k=3 dur=9.404s seed=0
[EST DONE] 2026-04-30T19:53:00.531420 estimator=TwoNN (no-k) dur=7.781s seed=0
[EST DONE] 2026-04-30T19:53:06.788592 estimator=Levina-Bickel k=5 dur=11.232s seed=0
[EST DONE] 2026-04-30T19:53:18.985768 estimator=Levina-Bickel k=7 dur=12.197s seed=0
[EST DONE] 2026-04-30T19:53:34.366520 estimator=Levina-Bickel k=10 dur=15.381s seed=0
[EST DONE] 2026-04-30T19:54:05.935682 estimator=Levina-Bickel k=15 dur=31.569s seed=0
[EST DONE] 2026-04-30T19:54:23.804413 estimator=TwoNN (no-k) dur=17.869s seed=0
[EST DONE] 2026-04-30T19:54:26.499972 estimator=FisherS (no-k) dur=620.758s seed=0
[TASK END] 2026-04-30T19:54:26.500277 manifold=sphere d=5 sigma=0.25 seed=0 duration=114317.800s
[TASK START] 2026-04-30T19:54:26.501696 manifold=sphere d=7 sigma=1.0 n=60000 seed=0
[EST DONE] 2026-04-30T19:54:50.848976 estimator=Levina-Bickel k=3 dur=10.571s seed=0
[EST DONE] 2026-04-30T19:55:03.915032 estimator=Levina-Bickel k=5 dur=13.066s seed=0
[EST DONE] 2026-04-30T19:55:17.314691 estimator=Levina-Bickel k=7 dur=13.400s seed=0
[EST DONE] 2026-04-30T19:55:22.698954 estimator=lPCA k=3 dur=73.937s seed=0
[EST DONE] 2026-04-30T19:55:33.124464 estimator=Levina-Bickel k=10 dur=15.810s seed=0
[EST DONE] 2026-04-30T19:55:53.369788 estimator=Levina-Bickel k=15 dur=20.245s seed=0
[EST DONE] 2026-04-30T19:56:03.510807 estimator=TwoNN (no-k) dur=10.141s seed=0
[EST DONE] 2026-04-30T19:56:30.098265 estimator=DANCo k=15 dur=1373.365s seed=0
[EST DONE] 2026-04-30T19:56:36.978579 estimator=lPCA k=5 dur=74.279s seed=0
[EST DONE] 2026-04-30T19:56:57.992630 estimator=lPCA k=3 dur=74.487s seed=0
[EST DONE] 2026-04-30T19:57:25.064155 estimator=FisherS (no-k) dur=571.408s seed=0
[TASK END] 2026-04-30T19:57:25.064388 manifold=sphere d=5 sigma=0.5 seed=0 duration=114496.364s
[TASK START] 2026-04-30T19:57:25.065586 manifold=sphere d=9 sigma=0.0 n=60000 seed=0
[EST DONE] 2026-04-30T19:58:03.724327 estimator=lPCA k=5 dur=65.731s seed=0
[EST DONE] 2026-04-30T19:58:07.398589 estimator=lPCA k=7 dur=90.420s seed=0
[EST DONE] 2026-04-30T19:58:11.834957 estimator=lPCA k=3 dur=61.163s seed=0
[EST DONE] 2026-04-30T19:58:19.885446 estimator=Levina-Bickel k=3 dur=24.023s seed=0
[EST DONE] 2026-04-30T19:58:48.899882 estimator=FisherS (no-k) dur=574.716s seed=0
[TASK END] 2026-04-30T19:58:48.900102 manifold=sphere d=7 sigma=0.0 seed=0 duration=114580.184s
[TASK START] 2026-04-30T19:58:48.901093 manifold=sphere d=9 sigma=0.25 n=60000 seed=0
[EST DONE] 2026-04-30T19:58:49.042518 estimator=Levina-Bickel k=5 dur=29.157s seed=0
[EST DONE] 2026-04-30T19:59:13.600205 estimator=lPCA k=7 dur=69.876s seed=0
[EST DONE] 2026-04-30T19:59:16.966631 estimator=Levina-Bickel k=7 dur=27.924s seed=0
[EST DONE] 2026-04-30T19:59:20.139129 estimator=lPCA k=5 dur=68.304s seed=0
[EST DONE] 2026-04-30T19:59:20.397744 estimator=lPCA k=10 dur=72.999s seed=0
[EST DONE] 2026-04-30T19:59:53.691561 estimator=Levina-Bickel k=10 dur=36.725s seed=0
[EST DONE] 2026-04-30T20:00:13.671607 estimator=Levina-Bickel k=3 dur=43.454s seed=0
[EST DONE] 2026-04-30T20:00:29.396090 estimator=lPCA k=10 dur=75.796s seed=0
[EST DONE] 2026-04-30T20:00:33.742849 estimator=lPCA k=7 dur=73.604s seed=0
[EST DONE] 2026-04-30T20:00:36.775774 estimator=lPCA k=15 dur=76.378s seed=0
[EST DONE] 2026-04-30T20:00:40.278961 estimator=Levina-Bickel k=15 dur=46.587s seed=0
[EST DONE] 2026-04-30T20:00:55.327226 estimator=Levina-Bickel k=5 dur=41.655s seed=0
[EST DONE] 2026-04-30T20:01:11.535708 estimator=TwoNN (no-k) dur=31.257s seed=0
[EST DONE] 2026-04-30T20:01:41.345990 estimator=Levina-Bickel k=7 dur=46.019s seed=0
[EST DONE] 2026-04-30T20:01:56.641685 estimator=lPCA k=10 dur=82.899s seed=0
[EST DONE] 2026-04-30T20:02:13.797044 estimator=lPCA k=15 dur=104.401s seed=0
[EST DONE] 2026-04-30T20:02:50.195420 estimator=Levina-Bickel k=10 dur=68.849s seed=0
[EST DONE] 2026-04-30T20:04:37.108441 estimator=Levina-Bickel k=15 dur=106.913s seed=0
[EST DONE] 2026-04-30T20:05:57.376313 estimator=lPCA k=15 dur=240.734s seed=0
[EST DONE] 2026-04-30T20:06:04.172492 estimator=TwoNN (no-k) dur=87.064s seed=0
[EST DONE] 2026-04-30T20:07:44.907575 estimator=lPCA k=3 dur=263.100s seed=0
[EST DONE] 2026-04-30T20:12:42.228042 estimator=lPCA k=5 dur=297.320s seed=0
[EST DONE] 2026-04-30T20:15:34.807133 estimator=lPCA k=3 dur=270.831s seed=0
[EST DONE] 2026-04-30T20:17:28.305148 estimator=lPCA k=7 dur=286.077s seed=0
[EST DONE] 2026-04-30T20:18:44.628852 estimator=lPCA k=5 dur=189.822s seed=0
[EST DONE] 2026-04-30T20:21:10.798077 estimator=lPCA k=10 dur=222.493s seed=0
[EST DONE] 2026-04-30T20:22:14.069522 estimator=lPCA k=7 dur=209.441s seed=0
[EST DONE] 2026-04-30T20:24:26.212899 estimator=lPCA k=15 dur=195.415s seed=0
[EST DONE] 2026-04-30T20:25:19.875179 estimator=lPCA k=10 dur=185.805s seed=0
[EST DONE] 2026-04-30T20:32:12.532151 estimator=lPCA k=15 dur=412.657s seed=0
[EST DONE] 2026-04-30T20:49:33.773073 estimator=DANCo k=3 dur=1654.421s seed=0
[EST DONE] 2026-04-30T20:52:17.216996 estimator=DANCo k=3 dur=1691.323s seed=0
[EST DONE] 2026-04-30T20:58:48.285449 estimator=DANCo k=3 dur=1761.247s seed=0
[EST DONE] 2026-04-30T21:20:03.564366 estimator=DANCo k=5 dur=1829.791s seed=0
[EST DONE] 2026-04-30T21:22:06.232205 estimator=DANCo k=5 dur=1789.015s seed=0
[EST DONE] 2026-04-30T21:26:52.686289 estimator=DANCo k=3 dur=1899.637s seed=0
[EST DONE] 2026-04-30T21:29:10.254445 estimator=DANCo k=5 dur=1821.969s seed=0
[EST DONE] 2026-04-30T21:35:24.796792 estimator=DANCo k=3 dur=1827.042s seed=0
[EST DONE] 2026-04-30T21:52:13.069922 estimator=DANCo k=7 dur=1929.505s seed=0
[EST DONE] 2026-04-30T21:54:03.798541 estimator=DANCo k=7 dur=1917.566s seed=0
[EST DONE] 2026-04-30T21:59:22.335064 estimator=DANCo k=7 dur=1812.080s seed=0
[EST DONE] 2026-04-30T22:00:45.522814 estimator=DANCo k=5 dur=2032.836s seed=0
[EST DONE] 2026-04-30T22:09:04.704742 estimator=DANCo k=5 dur=2019.908s seed=0
[EST DONE] 2026-04-30T22:25:08.885108 estimator=DANCo k=10 dur=1975.815s seed=0
[EST DONE] 2026-04-30T22:28:22.047891 estimator=DANCo k=10 dur=2058.249s seed=0
[EST DONE] 2026-04-30T22:33:01.286706 estimator=DANCo k=10 dur=2018.951s seed=0
[EST DONE] 2026-04-30T22:36:38.246644 estimator=DANCo k=7 dur=2152.724s seed=0
[EST DONE] 2026-04-30T22:45:33.448397 estimator=DANCo k=7 dur=2188.743s seed=0
[EST DONE] 2026-04-30T23:01:52.352647 estimator=DANCo k=15 dur=2203.467s seed=0
[EST DONE] 2026-04-30T23:09:33.794250 estimator=DANCo k=15 dur=2471.746s seed=0
[EST DONE] 2026-04-30T23:09:59.836878 estimator=DANCo k=15 dur=2218.550s seed=0
[EST DONE] 2026-04-30T23:10:44.196018 estimator=DANCo k=10 dur=2045.949s seed=0
[EST DONE] 2026-04-30T23:15:19.700266 estimator=DANCo k=10 dur=1786.252s seed=0
[EST DONE] 2026-04-30T23:43:34.891216 estimator=DANCo k=15 dur=1970.695s seed=0
[EST DONE] 2026-04-30T23:50:01.729637 estimator=DANCo k=15 dur=2082.029s seed=0
[EST DONE] 2026-05-01T03:00:40.041841 estimator=MiND k=3 dur=13545.794s seed=0
[EST DONE] 2026-05-01T06:25:48.045967 estimator=MiND k=3 dur=13315.243s seed=0
[EST DONE] 2026-05-01T06:36:46.915960 estimator=MiND k=3 dur=13548.504s seed=0
[EST DONE] 2026-05-01T06:39:56.449072 estimator=MiND k=3 dur=13667.602s seed=0
[EST DONE] 2026-05-01T06:44:47.818834 estimator=MiND k=5 dur=13447.777s seed=0
[EST DONE] 2026-05-01T07:14:44.216978 estimator=MiND k=3 dur=13549.659s seed=0
[EST DONE] 2026-05-01T07:19:39.958486 estimator=MiND k=3 dur=13522.634s seed=0
[EST DONE] 2026-05-01T10:09:29.971161 estimator=MiND k=5 dur=13421.925s seed=0
[EST DONE] 2026-05-01T10:20:58.698251 estimator=MiND k=5 dur=13451.761s seed=0
[EST DONE] 2026-05-01T10:22:51.761820 estimator=MiND k=5 dur=13375.313s seed=0
[EST DONE] 2026-05-01T10:30:59.949585 estimator=MiND k=7 dur=13572.131s seed=0
[EST DONE] 2026-05-01T10:59:33.292187 estimator=MiND k=5 dur=13489.075s seed=0
[EST DONE] 2026-05-01T11:06:42.695427 estimator=MiND k=5 dur=13622.737s seed=0
