Starting large worker on zuber at Wed Apr 29 12:09:05 PM EDT 2026; workdir=/local/scratch/cfikes/CS_534_ML_project; user=cfikes; task=1
large
Running synthetic large experiments...
[TASK START] 2026-04-29T12:09:08.699403 manifold=sphere d=5 sigma=0.0 n=60000 seed=1
[TASK START] 2026-04-29T12:09:08.700328 manifold=sphere d=5 sigma=0.25 n=60000 seed=1
[TASK START] 2026-04-29T12:09:08.700383 manifold=sphere d=5 sigma=0.5 n=60000 seed=1
[TASK START] 2026-04-29T12:09:08.700438 manifold=sphere d=5 sigma=0.75 n=60000 seed=1
[TASK START] 2026-04-29T12:09:08.700500 manifold=sphere d=5 sigma=1.0 n=60000 seed=1
[TASK START] 2026-04-29T12:09:08.700500 manifold=sphere d=7 sigma=0.0 n=60000 seed=1
[EST DONE] 2026-04-29T12:09:14.234853 estimator=Levina-Bickel k=3 dur=2.605s seed=1
[EST DONE] 2026-04-29T12:09:15.904266 estimator=Levina-Bickel k=3 dur=3.403s seed=1
[EST DONE] 2026-04-29T12:09:16.575651 estimator=Levina-Bickel k=3 dur=3.785s seed=1
[EST DONE] 2026-04-29T12:09:16.838662 estimator=Levina-Bickel k=3 dur=3.904s seed=1
[EST DONE] 2026-04-29T12:09:17.301175 estimator=Levina-Bickel k=3 dur=4.126s seed=1
[EST DONE] 2026-04-29T12:09:17.400128 estimator=Levina-Bickel k=5 dur=3.165s seed=1
[EST DONE] 2026-04-29T12:09:19.991180 estimator=Levina-Bickel k=5 dur=4.087s seed=1
[EST DONE] 2026-04-29T12:09:21.150190 estimator=Levina-Bickel k=7 dur=3.750s seed=1
[EST DONE] 2026-04-29T12:09:21.196497 estimator=Levina-Bickel k=5 dur=4.621s seed=1
[EST DONE] 2026-04-29T12:09:21.608539 estimator=Levina-Bickel k=5 dur=4.770s seed=1
[EST DONE] 2026-04-29T12:09:22.254910 estimator=Levina-Bickel k=5 dur=4.954s seed=1
[EST DONE] 2026-04-29T12:09:24.548942 estimator=Levina-Bickel k=7 dur=4.558s seed=1
[EST DONE] 2026-04-29T12:09:25.999906 estimator=Levina-Bickel k=7 dur=4.803s seed=1
[EST DONE] 2026-04-29T12:09:26.676775 estimator=Levina-Bickel k=7 dur=5.068s seed=1
[EST DONE] 2026-04-29T12:09:27.393805 estimator=Levina-Bickel k=7 dur=5.139s seed=1
[EST DONE] 2026-04-29T12:09:28.357393 estimator=Levina-Bickel k=3 dur=9.602s seed=1
[EST DONE] 2026-04-29T12:09:28.493893 estimator=Levina-Bickel k=10 dur=7.344s seed=1
[EST DONE] 2026-04-29T12:09:37.002320 estimator=Levina-Bickel k=5 dur=8.645s seed=1
[EST DONE] 2026-04-29T12:09:45.369487 estimator=Levina-Bickel k=7 dur=8.367s seed=1
[EST DONE] 2026-04-29T12:09:49.885200 estimator=Levina-Bickel k=10 dur=25.336s seed=1
[EST DONE] 2026-04-29T12:09:52.057803 estimator=Levina-Bickel k=10 dur=25.381s seed=1
[EST DONE] 2026-04-29T12:09:53.902000 estimator=Levina-Bickel k=10 dur=26.508s seed=1
[EST DONE] 2026-04-29T12:09:55.111967 estimator=Levina-Bickel k=10 dur=29.112s seed=1
[EST DONE] 2026-04-29T12:10:00.237884 estimator=Levina-Bickel k=15 dur=31.744s seed=1
[EST DONE] 2026-04-29T12:10:01.936208 estimator=TwoNN (no-k) dur=1.698s seed=1
[EST DONE] 2026-04-29T12:10:19.548270 estimator=Levina-Bickel k=10 dur=34.179s seed=1
[EST DONE] 2026-04-29T12:10:28.795292 estimator=Levina-Bickel k=15 dur=36.737s seed=1
[EST DONE] 2026-04-29T12:10:31.025815 estimator=TwoNN (no-k) dur=2.230s seed=1
[EST DONE] 2026-04-29T12:10:33.177973 estimator=Levina-Bickel k=15 dur=43.293s seed=1
[EST DONE] 2026-04-29T12:10:35.528561 estimator=TwoNN (no-k) dur=2.350s seed=1
[EST DONE] 2026-04-29T12:10:38.318877 estimator=Levina-Bickel k=15 dur=43.207s seed=1
[EST DONE] 2026-04-29T12:10:38.338288 estimator=Levina-Bickel k=15 dur=44.436s seed=1
[EST DONE] 2026-04-29T12:10:41.056837 estimator=TwoNN (no-k) dur=2.738s seed=1
[EST DONE] 2026-04-29T12:10:41.613059 estimator=TwoNN (no-k) dur=3.275s seed=1
[EST DONE] 2026-04-29T12:11:01.708784 estimator=Levina-Bickel k=15 dur=42.160s seed=1
[EST DONE] 2026-04-29T12:11:07.772311 estimator=TwoNN (no-k) dur=6.063s seed=1
[EST DONE] 2026-04-29T12:11:22.057546 estimator=lPCA k=3 dur=42.486s seed=1
[EST DONE] 2026-04-29T12:11:57.684505 estimator=lPCA k=3 dur=44.000s seed=1
[EST DONE] 2026-04-29T12:12:02.486606 estimator=lPCA k=3 dur=43.259s seed=1
[EST DONE] 2026-04-29T12:12:05.163148 estimator=lPCA k=5 dur=43.105s seed=1
[EST DONE] 2026-04-29T12:12:05.518103 estimator=lPCA k=3 dur=43.579s seed=1
[EST DONE] 2026-04-29T12:12:10.025191 estimator=lPCA k=3 dur=44.089s seed=1
[EST DONE] 2026-04-29T12:12:43.444180 estimator=lPCA k=5 dur=45.760s seed=1
[EST DONE] 2026-04-29T12:12:47.478963 estimator=lPCA k=5 dur=44.992s seed=1
[EST DONE] 2026-04-29T12:12:49.709988 estimator=lPCA k=7 dur=44.547s seed=1
[EST DONE] 2026-04-29T12:12:50.500556 estimator=lPCA k=5 dur=44.982s seed=1
[EST DONE] 2026-04-29T12:12:52.536775 estimator=lPCA k=3 dur=52.732s seed=1
[EST DONE] 2026-04-29T12:12:55.999239 estimator=lPCA k=5 dur=45.974s seed=1
[EST DONE] 2026-04-29T12:13:30.560160 estimator=lPCA k=7 dur=47.116s seed=1
[EST DONE] 2026-04-29T12:13:31.693381 estimator=lPCA k=7 dur=44.214s seed=1
[EST DONE] 2026-04-29T12:13:37.004572 estimator=lPCA k=7 dur=46.504s seed=1
[EST DONE] 2026-04-29T12:13:42.698889 estimator=lPCA k=7 dur=46.699s seed=1
[EST DONE] 2026-04-29T12:13:47.537448 estimator=lPCA k=5 dur=55.001s seed=1
[EST DONE] 2026-04-29T12:13:54.733392 estimator=lPCA k=10 dur=65.023s seed=1
[EST DONE] 2026-04-29T12:14:40.415640 estimator=lPCA k=7 dur=52.878s seed=1
[EST DONE] 2026-04-29T12:15:01.628816 estimator=lPCA k=10 dur=91.069s seed=1
[EST DONE] 2026-04-29T12:15:04.023125 estimator=lPCA k=10 dur=92.330s seed=1
[EST DONE] 2026-04-29T12:15:04.142784 estimator=lPCA k=10 dur=87.138s seed=1
[EST DONE] 2026-04-29T12:15:11.908358 estimator=lPCA k=10 dur=89.209s seed=1
[EST DONE] 2026-04-29T12:15:30.650510 estimator=lPCA k=15 dur=95.917s seed=1
[EST DONE] 2026-04-29T12:16:11.278213 estimator=lPCA k=10 dur=90.862s seed=1
[EST DONE] 2026-04-29T12:16:50.588821 estimator=lPCA k=15 dur=108.960s seed=1
[EST DONE] 2026-04-29T12:17:02.174502 estimator=lPCA k=15 dur=118.151s seed=1
[EST DONE] 2026-04-29T12:17:06.947452 estimator=lPCA k=15 dur=115.039s seed=1
[EST DONE] 2026-04-29T12:17:12.340392 estimator=lPCA k=15 dur=128.197s seed=1
[EST DONE] 2026-04-29T12:18:30.784366 estimator=lPCA k=15 dur=139.506s seed=1
[EST DONE] 2026-04-29T16:39:41.711334 estimator=DANCo k=3 dur=7738.098s seed=1
[EST DONE] 2026-04-29T16:43:08.968417 estimator=DANCo k=3 dur=7766.309s seed=1
[EST DONE] 2026-04-29T16:43:58.331106 estimator=DANCo k=3 dur=7908.765s seed=1
[EST DONE] 2026-04-29T16:43:59.726202 estimator=DANCo k=3 dur=7978.568s seed=1
[EST DONE] 2026-04-29T16:44:14.056995 estimator=DANCo k=3 dur=7689.980s seed=1
[EST DONE] 2026-04-29T16:44:25.244534 estimator=DANCo k=3 dur=7906.204s seed=1
[EST DONE] 2026-04-29T17:51:14.261353 estimator=DANCo k=5 dur=4034.535s seed=1
[EST DONE] 2026-04-29T17:59:51.937999 estimator=DANCo k=5 dur=4810.226s seed=1
[EST DONE] 2026-04-29T18:05:00.869324 estimator=DANCo k=5 dur=4911.901s seed=1
[EST DONE] 2026-04-29T18:10:19.567376 estimator=DANCo k=5 dur=5181.236s seed=1
[EST DONE] 2026-04-29T18:13:49.699323 estimator=DANCo k=5 dur=5364.455s seed=1
[EST DONE] 2026-04-29T18:14:25.641430 estimator=DANCo k=5 dur=5411.584s seed=1
[EST DONE] 2026-04-29T19:13:02.054483 estimator=DANCo k=7 dur=4907.793s seed=1
[EST DONE] 2026-04-29T19:18:40.099001 estimator=DANCo k=7 dur=4728.161s seed=1
[EST DONE] 2026-04-29T19:21:50.839886 estimator=DANCo k=7 dur=4609.970s seed=1
[EST DONE] 2026-04-29T19:33:08.164532 estimator=DANCo k=7 dur=4722.523s seed=1
[EST DONE] 2026-04-29T19:36:27.575758 estimator=DANCo k=7 dur=5168.008s seed=1
[EST DONE] 2026-04-29T19:41:18.173893 estimator=DANCo k=7 dur=5248.474s seed=1
[EST DONE] 2026-04-29T20:09:32.498262 estimator=DANCo k=10 dur=3390.444s seed=1
[EST DONE] 2026-04-29T20:22:23.332194 estimator=DANCo k=10 dur=3823.233s seed=1
[EST DONE] 2026-04-29T20:24:49.100785 estimator=DANCo k=10 dur=3778.261s seed=1
[EST DONE] 2026-04-29T20:26:56.343280 estimator=DANCo k=10 dur=3228.179s seed=1
[EST DONE] 2026-04-29T20:36:05.577475 estimator=DANCo k=10 dur=3578.002s seed=1
[EST DONE] 2026-04-29T20:37:36.533231 estimator=DANCo k=10 dur=3378.359s seed=1
[EST DONE] 2026-04-29T20:48:39.682290 estimator=DANCo k=15 dur=2347.184s seed=1
[EST DONE] 2026-04-29T21:05:52.030359 estimator=DANCo k=15 dur=2608.698s seed=1
[EST DONE] 2026-04-29T21:14:05.419211 estimator=DANCo k=15 dur=2956.318s seed=1
[EST DONE] 2026-04-29T21:20:08.879909 estimator=DANCo k=15 dur=3192.536s seed=1
[EST DONE] 2026-04-29T21:25:47.155152 estimator=DANCo k=15 dur=2981.577s seed=1
[EST DONE] 2026-04-29T21:26:11.760433 estimator=DANCo k=15 dur=2915.227s seed=1
[EST DONE] 2026-04-30T03:12:19.320719 estimator=MiND k=3 dur=13213.198s seed=1
[EST DONE] 2026-04-30T04:16:29.133940 estimator=MiND k=3 dur=13402.144s seed=1
[EST DONE] 2026-04-30T04:33:04.427464 estimator=MiND k=3 dur=13328.790s seed=1
[EST DONE] 2026-04-30T04:44:21.448589 estimator=MiND k=3 dur=13432.854s seed=1
[EST DONE] 2026-04-30T04:48:33.641648 estimator=MiND k=3 dur=13367.736s seed=1
[EST DONE] 2026-04-30T04:55:53.731069 estimator=MiND k=3 dur=13585.836s seed=1
[EST DONE] 2026-04-30T06:57:19.700109 estimator=MiND k=5 dur=13500.379s seed=1
[EST DONE] 2026-04-30T08:03:29.734520 estimator=MiND k=5 dur=13620.600s seed=1
[EST DONE] 2026-04-30T08:14:14.923393 estimator=MiND k=5 dur=13270.496s seed=1
[EST DONE] 2026-04-30T08:29:10.211109 estimator=MiND k=5 dur=13488.762s seed=1
[EST DONE] 2026-04-30T08:35:23.571255 estimator=MiND k=5 dur=13609.929s seed=1
[EST DONE] 2026-04-30T08:39:31.582073 estimator=MiND k=5 dur=13417.851s seed=1
[EST DONE] 2026-04-30T10:42:01.262604 estimator=MiND k=7 dur=13481.562s seed=1
[EST DONE] 2026-04-30T11:48:17.406466 estimator=MiND k=7 dur=13487.672s seed=1
[EST DONE] 2026-04-30T11:58:32.115835 estimator=MiND k=7 dur=13457.192s seed=1
[EST DONE] 2026-04-30T12:15:07.593365 estimator=MiND k=7 dur=13557.382s seed=1
[EST DONE] 2026-04-30T12:20:41.774118 estimator=MiND k=7 dur=13518.203s seed=1
[EST DONE] 2026-04-30T12:22:23.324852 estimator=MiND k=7 dur=13371.743s seed=1
[EST DONE] 2026-04-30T14:28:04.980080 estimator=MiND k=10 dur=13563.717s seed=1
[EST DONE] 2026-04-30T15:34:02.623393 estimator=MiND k=10 dur=13545.217s seed=1
[EST DONE] 2026-04-30T15:41:53.257836 estimator=MiND k=10 dur=13401.142s seed=1
[EST DONE] 2026-04-30T16:03:03.842076 estimator=MiND k=10 dur=13676.249s seed=1
[EST DONE] 2026-04-30T16:05:41.879593 estimator=MiND k=10 dur=13398.555s seed=1
[EST DONE] 2026-04-30T16:07:12.939132 estimator=MiND k=10 dur=13591.165s seed=1
[EST DONE] 2026-04-30T18:14:43.242465 estimator=MiND k=15 dur=13598.262s seed=1
[EST DONE] 2026-04-30T18:27:02.058117 estimator=FisherS (no-k) dur=738.815s seed=1
[TASK END] 2026-04-30T18:27:02.058286 manifold=sphere d=5 sigma=0.0 seed=1 duration=109073.359s
[TASK START] 2026-04-30T18:27:02.059940 manifold=sphere d=7 sigma=0.25 n=60000 seed=1
[EST DONE] 2026-04-30T18:27:26.081976 estimator=Levina-Bickel k=3 dur=12.224s seed=1
[EST DONE] 2026-04-30T18:27:50.648480 estimator=Levina-Bickel k=5 dur=24.566s seed=1
[EST DONE] 2026-04-30T18:28:08.796082 estimator=Levina-Bickel k=7 dur=18.147s seed=1
[EST DONE] 2026-04-30T18:28:27.275431 estimator=Levina-Bickel k=10 dur=18.479s seed=1
[EST DONE] 2026-04-30T18:28:52.349295 estimator=Levina-Bickel k=15 dur=25.074s seed=1
[EST DONE] 2026-04-30T18:29:09.579104 estimator=TwoNN (no-k) dur=17.230s seed=1
[EST DONE] 2026-04-30T18:32:14.876733 estimator=lPCA k=3 dur=99.759s seed=1
[EST DONE] 2026-04-30T18:34:07.850619 estimator=lPCA k=5 dur=112.974s seed=1
[EST DONE] 2026-04-30T18:35:53.709683 estimator=lPCA k=7 dur=105.859s seed=1
[EST DONE] 2026-04-30T18:37:30.424744 estimator=lPCA k=10 dur=96.715s seed=1
[EST DONE] 2026-04-30T18:39:47.820677 estimator=lPCA k=15 dur=137.396s seed=1
[EST DONE] 2026-04-30T19:13:50.503583 estimator=MiND k=15 dur=13187.880s seed=1
[EST DONE] 2026-04-30T19:20:59.970462 estimator=MiND k=15 dur=13146.712s seed=1
[EST DONE] 2026-04-30T19:25:55.326408 estimator=DANCo k=3 dur=1347.456s seed=1
[EST DONE] 2026-04-30T19:27:08.402983 estimator=FisherS (no-k) dur=797.899s seed=1
[TASK END] 2026-04-30T19:27:08.403188 manifold=sphere d=5 sigma=0.25 seed=1 duration=112679.703s
[TASK START] 2026-04-30T19:27:08.408496 manifold=sphere d=7 sigma=0.5 n=60000 seed=1
[EST DONE] 2026-04-30T19:27:46.403929 estimator=Levina-Bickel k=3 dur=14.652s seed=1
[EST DONE] 2026-04-30T19:28:03.555255 estimator=Levina-Bickel k=5 dur=17.151s seed=1
[EST DONE] 2026-04-30T19:28:30.340103 estimator=Levina-Bickel k=7 dur=26.785s seed=1
[EST DONE] 2026-04-30T19:29:05.096764 estimator=Levina-Bickel k=10 dur=34.757s seed=1
[EST DONE] 2026-04-30T19:30:08.508875 estimator=Levina-Bickel k=15 dur=63.412s seed=1
[EST DONE] 2026-04-30T19:30:24.890770 estimator=TwoNN (no-k) dur=16.382s seed=1
[EST DONE] 2026-04-30T19:34:15.344062 estimator=FisherS (no-k) dur=795.373s seed=1
[TASK END] 2026-04-30T19:34:15.344266 manifold=sphere d=5 sigma=0.75 seed=1 duration=113106.644s
[TASK START] 2026-04-30T19:34:15.345656 manifold=sphere d=7 sigma=0.75 n=60000 seed=1
[EST DONE] 2026-04-30T19:34:49.099338 estimator=Levina-Bickel k=3 dur=22.821s seed=1
[EST DONE] 2026-04-30T19:34:58.102578 estimator=lPCA k=3 dur=82.799s seed=1
[EST DONE] 2026-04-30T19:35:15.617497 estimator=Levina-Bickel k=5 dur=26.518s seed=1
[EST DONE] 2026-04-30T19:35:37.349485 estimator=Levina-Bickel k=7 dur=21.732s seed=1
[EST DONE] 2026-04-30T19:36:09.134780 estimator=Levina-Bickel k=10 dur=31.785s seed=1
[EST DONE] 2026-04-30T19:36:29.513516 estimator=lPCA k=5 dur=91.411s seed=1
[EST DONE] 2026-04-30T19:36:34.196337 estimator=Levina-Bickel k=15 dur=25.061s seed=1
[EST DONE] 2026-04-30T19:36:53.966966 estimator=TwoNN (no-k) dur=19.770s seed=1
[EST DONE] 2026-04-30T19:38:04.950869 estimator=lPCA k=7 dur=95.437s seed=1
[EST DONE] 2026-04-30T19:39:50.112530 estimator=lPCA k=10 dur=105.162s seed=1
[EST DONE] 2026-04-30T19:40:01.144745 estimator=lPCA k=3 dur=108.867s seed=1
[EST DONE] 2026-04-30T19:42:11.437893 estimator=MiND k=15 dur=13147.596s seed=1
[EST DONE] 2026-04-30T19:42:21.260727 estimator=lPCA k=5 dur=140.116s seed=1
[EST DONE] 2026-04-30T19:42:21.278554 estimator=lPCA k=15 dur=151.166s seed=1
[EST DONE] 2026-04-30T19:43:31.974648 estimator=MiND k=15 dur=13070.095s seed=1
[EST DONE] 2026-04-30T19:43:50.431186 estimator=MiND k=15 dur=12997.492s seed=1
[EST DONE] 2026-04-30T19:43:57.940869 estimator=lPCA k=7 dur=96.680s seed=1
[EST DONE] 2026-04-30T19:45:56.061101 estimator=DANCo k=5 dur=1200.735s seed=1
[EST DONE] 2026-04-30T19:46:59.621063 estimator=lPCA k=10 dur=181.680s seed=1
[EST DONE] 2026-04-30T19:49:49.612575 estimator=lPCA k=15 dur=169.991s seed=1
[EST DONE] 2026-04-30T19:56:55.423971 estimator=FisherS (no-k) dur=883.986s seed=1
[TASK END] 2026-04-30T19:56:55.448237 manifold=sphere d=7 sigma=0.0 seed=1 duration=114466.748s
[TASK START] 2026-04-30T19:56:55.449458 manifold=sphere d=7 sigma=1.0 n=60000 seed=1
[EST DONE] 2026-04-30T19:58:03.277568 estimator=Levina-Bickel k=3 dur=19.264s seed=1
[EST DONE] 2026-04-30T19:58:04.503521 estimator=FisherS (no-k) dur=872.529s seed=1
[TASK END] 2026-04-30T19:58:04.503714 manifold=sphere d=5 sigma=1.0 seed=1 duration=114535.803s
[TASK START] 2026-04-30T19:58:04.505119 manifold=sphere d=9 sigma=0.0 n=60000 seed=1
[EST DONE] 2026-04-30T19:58:28.616781 estimator=Levina-Bickel k=5 dur=25.339s seed=1
[EST DONE] 2026-04-30T19:58:46.020355 estimator=Levina-Bickel k=7 dur=17.403s seed=1
[EST DONE] 2026-04-30T19:59:10.661491 estimator=Levina-Bickel k=3 dur=28.344s seed=1
[EST DONE] 2026-04-30T19:59:12.189117 estimator=Levina-Bickel k=10 dur=26.169s seed=1
[EST DONE] 2026-04-30T19:59:36.602210 estimator=Levina-Bickel k=15 dur=24.413s seed=1
[EST DONE] 2026-04-30T19:59:41.120054 estimator=FisherS (no-k) dur=950.689s seed=1
[TASK END] 2026-04-30T19:59:41.120306 manifold=sphere d=5 sigma=0.5 seed=1 duration=114632.420s
[TASK START] 2026-04-30T19:59:41.121539 manifold=sphere d=9 sigma=0.25 n=60000 seed=1
[EST DONE] 2026-04-30T19:59:44.532338 estimator=Levina-Bickel k=5 dur=33.871s seed=1
[EST DONE] 2026-04-30T19:59:50.113588 estimator=TwoNN (no-k) dur=13.511s seed=1
[EST DONE] 2026-04-30T20:00:53.986825 estimator=Levina-Bickel k=7 dur=69.454s seed=1
[EST DONE] 2026-04-30T20:00:59.570533 estimator=Levina-Bickel k=3 dur=44.857s seed=1
[EST DONE] 2026-04-30T20:01:55.143894 estimator=Levina-Bickel k=5 dur=55.573s seed=1
[EST DONE] 2026-04-30T20:02:07.860866 estimator=Levina-Bickel k=10 dur=73.874s seed=1
[EST DONE] 2026-04-30T20:02:51.927025 estimator=Levina-Bickel k=7 dur=56.783s seed=1
[EST DONE] 2026-04-30T20:02:55.806676 estimator=lPCA k=3 dur=106.744s seed=1
[EST DONE] 2026-04-30T20:03:13.965433 estimator=Levina-Bickel k=15 dur=66.104s seed=1
[EST DONE] 2026-04-30T20:03:36.417565 estimator=Levina-Bickel k=10 dur=44.490s seed=1
[EST DONE] 2026-04-30T20:04:02.155009 estimator=TwoNN (no-k) dur=48.189s seed=1
[EST DONE] 2026-04-30T20:04:20.918197 estimator=lPCA k=5 dur=85.111s seed=1
[EST DONE] 2026-04-30T20:04:44.372447 estimator=Levina-Bickel k=15 dur=67.955s seed=1
[EST DONE] 2026-04-30T20:05:09.953130 estimator=TwoNN (no-k) dur=25.580s seed=1
[EST DONE] 2026-04-30T20:05:43.813777 estimator=lPCA k=7 dur=82.895s seed=1
[EST DONE] 2026-04-30T20:08:11.599936 estimator=lPCA k=10 dur=147.786s seed=1
[EST DONE] 2026-04-30T20:09:11.489004 estimator=DANCo k=7 dur=1395.428s seed=1
[EST DONE] 2026-04-30T20:09:38.890977 estimator=lPCA k=3 dur=203.956s seed=1
[EST DONE] 2026-04-30T20:11:19.905215 estimator=lPCA k=15 dur=188.265s seed=1
[EST DONE] 2026-04-30T20:11:35.037812 estimator=lPCA k=3 dur=249.998s seed=1
[EST DONE] 2026-04-30T20:12:00.889917 estimator=lPCA k=5 dur=141.999s seed=1
[EST DONE] 2026-04-30T20:15:36.780570 estimator=lPCA k=5 dur=241.743s seed=1
[EST DONE] 2026-04-30T20:18:44.516573 estimator=lPCA k=7 dur=403.626s seed=1
[EST DONE] 2026-04-30T20:22:11.179075 estimator=lPCA k=7 dur=394.398s seed=1
[EST DONE] 2026-04-30T20:22:35.369982 estimator=lPCA k=10 dur=230.853s seed=1
[EST DONE] 2026-04-30T20:25:47.531164 estimator=lPCA k=10 dur=216.352s seed=1
[EST DONE] 2026-04-30T20:26:58.092037 estimator=lPCA k=15 dur=262.722s seed=1
[EST DONE] 2026-04-30T20:27:44.819702 estimator=DANCo k=3 dur=1356.881s seed=1
[EST DONE] 2026-04-30T20:30:13.130922 estimator=lPCA k=15 dur=265.600s seed=1
[EST DONE] 2026-04-30T20:33:51.642880 estimator=DANCo k=3 dur=1366.715s seed=1
[EST DONE] 2026-04-30T20:35:37.529986 estimator=DANCo k=10 dur=1586.041s seed=1
[EST DONE] 2026-04-30T20:55:51.448635 estimator=DANCo k=5 dur=1686.629s seed=1
[EST DONE] 2026-04-30T21:02:29.386737 estimator=DANCo k=3 dur=1586.039s seed=1
[EST DONE] 2026-04-30T21:04:45.263957 estimator=DANCo k=5 dur=1853.621s seed=1
[EST DONE] 2026-04-30T21:08:28.997556 estimator=DANCo k=15 dur=1971.467s seed=1
[EST DONE] 2026-04-30T21:25:39.034355 estimator=DANCo k=7 dur=1787.586s seed=1
[EST DONE] 2026-04-30T21:28:13.324522 estimator=DANCo k=3 dur=1877.050s seed=1
[EST DONE] 2026-04-30T21:33:24.445381 estimator=DANCo k=5 dur=1855.058s seed=1
[EST DONE] 2026-04-30T21:33:35.835882 estimator=DANCo k=3 dur=1911.940s seed=1
[EST DONE] 2026-04-30T21:35:24.481256 estimator=DANCo k=7 dur=1839.193s seed=1
[EST DONE] 2026-04-30T21:57:57.161153 estimator=DANCo k=10 dur=1938.127s seed=1
[EST DONE] 2026-04-30T21:59:48.051592 estimator=DANCo k=5 dur=1894.727s seed=1
[EST DONE] 2026-04-30T22:02:36.370195 estimator=DANCo k=7 dur=1751.925s seed=1
[EST DONE] 2026-04-30T22:03:40.158196 estimator=DANCo k=5 dur=1804.322s seed=1
[EST DONE] 2026-04-30T22:03:53.953355 estimator=DANCo k=10 dur=1709.472s seed=1
[EST DONE] 2026-04-30T22:32:13.617556 estimator=DANCo k=7 dur=1945.566s seed=1
[EST DONE] 2026-04-30T22:33:33.690636 estimator=DANCo k=15 dur=2136.529s seed=1
[EST DONE] 2026-04-30T22:35:48.347834 estimator=DANCo k=10 dur=1991.977s seed=1
[EST DONE] 2026-04-30T22:37:42.093685 estimator=DANCo k=7 dur=2041.935s seed=1
[EST DONE] 2026-04-30T22:38:22.120181 estimator=DANCo k=15 dur=2068.167s seed=1
[EST DONE] 2026-04-30T23:07:09.893222 estimator=DANCo k=10 dur=2096.275s seed=1
[EST DONE] 2026-04-30T23:08:36.358677 estimator=DANCo k=15 dur=1968.011s seed=1
[EST DONE] 2026-04-30T23:12:46.470309 estimator=DANCo k=10 dur=2104.376s seed=1
[EST DONE] 2026-04-30T23:40:21.867614 estimator=DANCo k=15 dur=1991.974s seed=1
[EST DONE] 2026-04-30T23:46:44.765336 estimator=DANCo k=15 dur=2038.295s seed=1
[EST DONE] 2026-05-01T04:28:07.678773 estimator=MiND k=3 dur=13429.748s seed=1
[EST DONE] 2026-05-01T05:57:33.622049 estimator=MiND k=3 dur=13492.671s seed=1
[EST DONE] 2026-05-01T06:03:44.754508 estimator=MiND k=3 dur=13484.898s seed=1
[EST DONE] 2026-05-01T06:37:59.273514 estimator=MiND k=3 dur=13524.928s seed=1
[EST DONE] 2026-05-01T07:14:56.914552 estimator=MiND k=3 dur=13615.435s seed=1
[EST DONE] 2026-05-01T07:19:52.407552 estimator=MiND k=3 dur=13615.786s seed=1
[EST DONE] 2026-05-01T08:14:41.657746 estimator=MiND k=5 dur=13593.979s seed=1
[EST DONE] 2026-05-01T09:41:36.054019 estimator=MiND k=5 dur=13442.432s seed=1
[EST DONE] 2026-05-01T09:50:01.367709 estimator=MiND k=5 dur=13576.613s seed=1
[EST DONE] 2026-05-01T10:21:54.934029 estimator=MiND k=5 dur=13435.660s seed=1
[EST DONE] 2026-05-01T10:58:32.858409 estimator=MiND k=5 dur=13415.944s seed=1
[EST DONE] 2026-05-01T11:06:29.244456 estimator=MiND k=5 dur=13596.837s seed=1
[EST DONE] 2026-05-01T12:00:37.635150 estimator=MiND k=7 dur=13555.977s seed=1
